I'm sorry, but errors were detected in your script. Please correct the
errors listed below, and try again.


File "game/script.rpy", line 5: end of line expected.
    jump  intro;
               ^

Ren'Py Version: Ren'Py 8.4.1.25072401
Mon Aug  4 00:14:31 2025
